// Jest Snapshot v1, https://goo.gl/fbAQLP

exports[`Pruebas GifExpertApp should de hacer match con el snapshot 1`] = `
<div>
  <div
    class="card"
  >
    <img
      alt="{ title }"
      src="{ url }"
    />
    <p>
      { title }
    </p>
  </div>
</div>
`;
